// Jest Snapshot v1, https://goo.gl/fbAQLP

exports[`App should match snapshot 1`] = `
<section
  className="app"
>
  <Header />
  <FilteredControls
    accessor={[Function]}
    iteration={[Function]}
    mutator={[Function]}
  />
  <div />
</section>
`;
