// Jest Snapshot v1, https://goo.gl/fbAQLP

exports[`Cards should match snapshot 1`] = `<section />`;
